### 1. 真实问题列表（按严重程度排序）

#### 1.1 `src/pages/DailyPuzzlePage.tsx` 突兀插入且与主线叙事脱节【严重】
- **所在 Section**：`## 为什么屏幕上的东西能和文件里的代码对应？`
- **可定位原文短语**：`每天一题这一页写在 src/pages/DailyPuzzlePage.tsx。先看外壳：顶栏、题目、任务说明。`（第 75 行起）
- **读者为什么会停下**：前文刚刚梳理完 `index.html` 与 `main.tsx` 的入口关系，并明确交代了“下一节课会顺着这条线往回追”。读者在此处突然遭遇未经任何关系铺垫的 `src/pages/DailyPuzzlePage.tsx`，并被连续抛出三段总计 220 行的复杂 TSX 组件代码。读者完全不清楚这个文件与刚才讲解的入口/脚本是什么从属关系；而在展示完这三段代码后，第 99 行的总结与第 101 行的“再想想”又瞬间跳回 `index.html` 与 `main.tsx`，使得这一大段核心代码成为悬浮的“认知断层”。
- **问题分类**：结构/格式、解释太晚

#### 1.2 核心前置概念“界面由代码渲染而非静态图片”解释过晚【严重】
- **所在 Section**：`## 为什么屏幕上的东西能和文件里的代码对应？`
- **可定位原文短语**：`:::detail[这些对话和按钮，真的是一张图片吗？]`（第 93–97 行）
- **读者为什么会停下**：零基础读者在课文开篇看到真实游戏截图时，最直观的默认假设往往是“屏幕上显示的是现成图片”。“界面不是静态图片，而是程序根据代码动态渲染出来的”是建立“界面与代码行号能够对应”这一整课心智模型的基石。草稿将该解释移到了全篇 6 处 evidence 均已呈现完毕的最末尾（第 93 行），导致读者在阅读前半部分、观察入口文件以及参与猜答时，一直缺乏这一底层认知支撑。
- **问题分类**：解释太晚

#### 1.3 `:::detail` 折叠块密集堆叠导致正文叙事主干塌陷【中度】
- **所在 Section**：`## 为什么屏幕上的东西能和文件里的代码对应？`
- **可定位原文短语**：`:::detail[什么叫「记号」？]` 至 `:::detail[`main.tsx` 那种文件又是什么？]`（第 51–73 行）
- **读者为什么会停下**：在“为什么”小节前半段，连续排布了 5 个 detail 块，其中后 4 个（涉及标签页位置、入口职责、空位原因、main.tsx 作用）在第 57–73 行呈完全背靠背连续罗列，中间没有任何正文主干语句连接。正文叙事主线完全断裂，读者面对连续折叠卡片会失去阅读流动感与主次方向。
- **问题分类**：结构/格式

#### 1.4 预测题依赖的 `<title>` 观察线索在猜答前缺乏基础信息【中度】
- **所在 Section**：`## 先看满屏界面，再看几乎空的入口文件` 与 `## 先猜一下`
- **可定位原文短语**：`再往下，第 18 行写着一个短短的名字：`（第 27 行）与 `只改入口文件第 18 行那个名字，保存后再打开页面，屏幕上的候选人按钮会不会一起变？`（第 39 行）
- **读者为什么会停下**：在第一小节中，第 18 行仅被一句话带过，所有关于 `<title>` 标签含义及它在浏览器窗口具体呈现位置的说明均被推迟到了猜答之后。零基础读者在看到预测题时，对这一行到底代表什么完全没有基本概念，导致预测缺乏必要的观察锚点。
- **问题分类**：解释太晚

#### 1.5 章节合并导致界面截图到文件代码的过渡缺失【轻度】
- **所在 Section**：`## 先看满屏界面，再看几乎空的入口文件`
- **可定位原文短语**：`## 先看满屏界面，再看几乎空的入口文件`（第 4 行）及 `你点图标进游戏；做的人打开的，却是一堆能改的文字文件。`（第 23 行）
- **读者为什么会停下**：原 manifest 中分属“先看界面”与“看更小例子”的两个认知阶段被合并在同一标题下。读者刚看完第 3 张放大按钮截图，视线在毫无分段过渡或提示的情况下立刻跳入入口文件代码，视角切换过于突兀。
- **问题分类**：结构/格式

#### 1.6 折叠块标题脱离原语境产生指代不明【轻度】
- **所在 Section**：`## 为什么屏幕上的东西能和文件里的代码对应？`
- **可定位原文短语**：`:::detail[这一行的名字会出现在哪？]`（第 57 行）
- **读者为什么会停下**：该 detail 标题使用了代词“这一行”，但它被放置在远离第 18 行代码展示处数十行之后的“为什么”小节中，且夹在多个 detail 之间。读者在阅读或展开该块时，无法直观识别“这一行”所指代的对象。
- **问题分类**：结构/格式

---

### 2. 核对过但未发现问题的关键项

- **预测题是否问核心**：是。预测题聚焦于“修改入口文件第 18 行标题是否会连带改变页面内的候选人按钮”，准确触达了“入口外壳 vs 内部具体组件代码”这一核心认知冲突。
- **答案是否紧接**：是。`## 答案` 紧随 `## 先猜一下` 之后，结论直接（明确回答“不会”），未在猜与答之间穿插无关枝节。
- **detail 是否独立**：是。各 detail 折叠块内的解释（记号概念、入口文件比喻、代码恐惧心理疏导、施工说明比喻等）在内容语义上均具备独立完整性，未将正文必须依赖的主干逻辑硬性锁在折叠内容中。
- **evidence token 是否与 manifest 范围一致**：是。文中引用的 6 处 evidence token（`index.html:1-2`、`index.html:18`、`index.html:29-31`、`src/pages/DailyPuzzlePage.tsx:300-379`、`src/pages/DailyPuzzlePage.tsx:396-499`、`src/pages/DailyPuzzlePage.tsx:544-581`）与 manifest 中的定义、行号范围及源码完全一致，无遗漏或越界。
- **是否改动技术事实**：否。对 HTML 文档结构、title 标签作用、root 容器占位与脚本加载机制、React 组件按列表渲染与响应点击等技术事实的陈述均准确无误。

---

### 3. 结论与理由

- **是否建议 Writer 再修一轮**：是
- **理由**：
  草稿在重构过程中出现了明显的结构与时序错位：
  1. 将 220 行的 `DailyPuzzlePage.tsx` 证据块突兀地堆入“为什么”小节后半段，既缺失从 `main.tsx` 到具体页面的认知衔接，又在随后的总结中被彻底遗忘，形成了严重的上下文断裂；
  2. “界面由代码动态渲染而非静态图片”这一最根本的底座概念被延后至文末，无法有效服务前半部分的认知建立；
  3. “为什么”小节内出现多达 4 个 detail 连续背靠背堆叠，导致正文主干叙事塌陷。
  以上问题对零基础读者的连贯理解构成了实质性障碍，需要 Writer 针对叙事流与结构布局进行再次修复。
