$ pnpm typecheck && pnpm lint && pnpm format:check && pnpm check:generated-format && pnpm test && pnpm boundaries && pnpm check:canvas && pnpm check:review-cards && pnpm build && pnpm check:shelf && pnpm check:content-revisions && pnpm check:export-freshness && pnpm check:lesson-links && pnpm bundle && pnpm docs:check
$ pnpm -r typecheck
$ pnpm -r lint
$ pnpm -r format:check
$ pnpm --filter @pieai/university-app check:generated-format
$ oxfmt --check src/content/imported.json src/content/lexicon.json
No config found, using defaults. Please add a config file or try `oxfmt --init` if needed.
$ pnpm -r test && node scripts/check-raw-colours.mjs --self-test && node scripts/check-review-card-registry.mjs --self-test && node scripts/check-content-revisions.mjs --self-test
$ node apps/local/scripts/check-module-boundaries.mjs && node scripts/check-kit-portability.mjs && node scripts/check-contrast.mjs && node scripts/check-raw-colours.mjs && node scripts/check-shared-styles.mjs
$ node scripts/check-canvas-registry.mjs
$ node scripts/check-review-card-registry.mjs
$ pnpm -r build
$ node apps/university/scripts/check-shelf.mjs
$ node scripts/check-content-revisions.mjs
$ node apps/local/scripts/check-export-freshness.mjs
$ node apps/local/scripts/check-lesson-links.mjs --studies-root apps/local/fixtures/lesson-links
$ node scripts/check-authoring-excluded.mjs
$ pnpm pro-gov doctor && pnpm doc-gov router-check && pnpm doc-gov check && pnpm doc-gov scan --check && pnpm doc-gov links && pnpm doc-gov audit && pnpm doc-gov doctor
$ pro-gov doctor
$ doc-gov router-check
$ doc-gov check
$ doc-gov scan --check
$ doc-gov links
$ doc-gov audit
$ doc-gov doctor
