# 屏幕上的按钮，代码里能找到对应的哪几行？


## 先看屏幕上的界面

我们先来看看《图灵密约》跑起来到底长什么样。你看，这是它每天出一道题的那个页面——聊天记录、你选的候选人、最后的答案，全都在这一屏里：

:::figure[真实界面：每天一题的结果页]{#turing-pact-daily-result}

真实截图 · 英文界面 · 每天一题那一页 · 已选中一名候选人，结果面板已展开。
:::

:::figure[标注：三块区域各在哪]{#turing-pact-daily-result-annotated-crop}

同一张截图加上标注：对话区、结果状态和候选人按钮分别落在哪。
:::

:::figure[放大：一个候选人按钮对应的界面元素]{#turing-pact-daily-button-focus}

只放大一个候选人按钮。它在屏幕上就是一个能点击的界面元素。
:::

你点击其中任意一个候选人按钮，当前屏幕立刻就会显示出对错。整个画面之所以会变，绝不是切了一张新图片贴上来。

:::detail[这些对话和按钮，真的是一张图片吗？]
当然不是。这里的对话文字、候选人按钮和结果状态，全是程序根据代码实时生成、放到页面上的；开发者把这些代码指令写在文件里。浏览器读取了对应文件后，才把它们渲染成你看到的界面。你点击按钮时，程序立刻捕捉到点击事件，实时更新选中的人和结果状态，所以内容是在同一页上动态刷新的，绝对不是换成一张静态图片。

**打个比方：** 代码文件就是一份“界面施工图纸”，屏幕就是电脑严格按照图纸搭出来的成果。记住这个对应关系：背后真实发生的，始终是程序在读取代码、渲染界面、响应你的每一次点击。
:::

## 接下来，我们从一个更小的例子开始

刚才那是屏幕上最终画出来的样子。作为玩家，你点一下图标就进游戏了；但对开发者来说，他们打开的其实是一堆随时能修改的代码文本文件。下面我们直接从最外层的网页入口文件 `index.html` 开始看。你看它开头这两行：

[[evidence:index.html:1-2]]

:::detail[`index.html` 在页面加载时负责什么？]
`index.html` 就是网页加载时浏览器首先读取的总入口文件。它用标签声明页面的基础结构，并明确指示浏览器接下来去加载哪份脚本；它本身就是纯文本，不是已经显示出来的成品页面。

**打个比方：** 它就像入口处的指引牌：指引牌清清楚楚告诉你从哪里进、下一步去哪里，但不会把整栋楼的每个房间都画在这一块牌子上。
:::

顺着文件往下看，第 18 行写着一个短短的名字：

[[evidence:index.html:18]]

这几个字，会直接显示在浏览器窗口最顶上的标签栏里。

:::detail[第 18 行那个名字会出现在哪？]
就在浏览器顶部的标签页上——你同时开一堆网页的时候，全靠这几个字认出“这是哪一页”。只要改掉这一行、保存，再重新打开页面，标签栏上的字立刻就跟着变了。
:::

最让人意外的是文件末尾。留给“页面正文主体”的地方竟然空空如也——只留了一个空位，以及一行“接下来去读哪份文件”的指示：

[[evidence:index.html:29-31]]

明明屏幕上显示的是一整页丰富的对话和按钮，到了入口文件末尾，留给页面身体的地方却几乎什么都没写。

## 先猜一下

如果只改入口文件第 18 行那个名字，保存后再重新打开页面，屏幕上的候选人按钮会不会一起变？

先在脑子里给出一个确定的判断，然后再往下看答案。

## 答案

绝对不会。候选人按钮根本不写在这份入口文件里；改动第 18 行，变的只有顶部的标签名字，动不到那些按钮。

## 为什么屏幕上的东西能和文件里的代码对应？

网页本质上是用一种带特殊记号的文本写成的。

:::detail[什么叫「记号」？]
这里说的记号，就是夹在尖括号里的英文词，比如 `<title>`。它不是给用户读的内容，而是专门写给浏览器看的指令：告诉它这里是标题、这里是一块独立区域、这里到此结束。浏览器全靠这些记号认出整个页面的骨架，进而决定哪些字大、哪些字小、哪一块放在什么位置。开发者管它叫“标签”——跟商品上的价签、社交软件里的话题标签完全不是一回事，纯粹只是中文叫法碰巧一样。
:::

回头看刚才见过的三处关键位置：第 1 行直接告诉浏览器“这份文件按标准网页规范来解析”；第 18 行专门管窗口顶部那条窄标签里的文字；末尾这几行负责占好位置，并明确点名接下来去读 `main.tsx`。

入口文件之所以这么空，就是因为它的核心职责就是占住坑位、指明下一份该读谁。

:::detail[为什么入口文件几乎是空的？]
因为真正的按钮、对话和排版结构，全都不写在这份入口文件里，而是写在后面被调用的那些文件里。入口先占住一个坑位，点名交代“下一份读哪一个”；那份文件一旦跑起来，就会把完整的界面精准填进这个空位里。所以你看到入口这么空不用奇怪——这里的“空”，是开发者专门设计的架构。
:::

浏览器收到“去读 main.tsx”这行指示后继续向下执行，这才正式开始在屏幕上画出你看到的界面。

:::detail[`main.tsx` 那种文件又是什么？]
它属于逻辑脚本文件，里面写的是一步接一步的具体执行步骤。浏览器读完入口文件、拿到“去读 main.tsx”这行指令，就会严格照着那份文件里的步骤执行——你在屏幕上看到的按钮和整体排版，就是通过这一套流程一步步绘制出来的，而不是写死在入口文件里的。下一节课我们就会顺着这条线索一路追到底。
:::

“每天一题”这个页面具体写在 `src/pages/DailyPuzzlePage.tsx` 里。正是入口文件点名执行了 `main.tsx`，程序才会继续把这一页完整绘制出来。下面这段代码第一次看确实挺长，你现在只要盯紧外壳结构就行：顶栏、题目、任务说明。

:::detail[这些吓人的代码，怎么才能不吓人？]
代码初看起来又长又陌生，但你完全不需要去死记硬背。AI 会帮你写代码、改代码；你掌握这些基础逻辑，是为了能把需求说清楚，听懂 AI 的解释，并准确判断它改的代码到底对不对。跟着课程从一个按钮、几行代码开始切入，你就能建立起这种扎实的判断力。

**打个比方：** 你不需要学会造汽车才能上路，但你一定要看懂仪表盘上的指标，这样才能跟维修师傅准确沟通，第一时间发现问题。
:::

[[evidence:src/pages/DailyPuzzlePage.tsx:300-379]]

再回头看刚才放大的那个候选人按钮。代码就是按照名单列表逐个生成按钮，并把点击事件绑定上去。你点下其中任意一个，当前页面立刻就会记下你的选择。

[[evidence:src/pages/DailyPuzzlePage.tsx:396-499]]

拿到结果之后，同一页会紧接着渲染出对错状态和得分。这绝不是重新切了一张图，而是基于同一套页面数据顺着往下画：

[[evidence:src/pages/DailyPuzzlePage.tsx:544-581]]

所以你看，屏幕上的按钮，在 `src/pages/DailyPuzzlePage.tsx` 里有清清楚楚对应的代码行；入口文件第 18 行管的仅仅是顶部那条窄标签。手机上的 App 图标是用户拿在手里的入口，而 `index.html` 则是网页加载时底层使用的总入口。

## 再想想

那个看似什么都没写的空位到底是怎么运作的？下一节课，我们就会沿着 `main.tsx` 一路深挖：[[lesson:empty-box-called-root|空盒子是怎么被填满的]]。

## 自检

**问：** 你在手机上点开的那个图标，是不是就等于 `index.html` 这个文件本身？

## 一句话

**在开发者眼里，任何软件应用首先都是一堆能打开、能修改的文本文件，绝不是打不开的神秘黑盒子。**
