先按 write-lesson 的 Writer/fixer 规则做只读体检：我会读取指定课程、证据快照和技能硬规则，再直接产出完整 Markdown 草稿，不落地任何 revision。接下来会读 write-lesson 技能、Writer 提示，以及这节课的正文、manifest、卡片和源码快照。技能路径已确认。接下来会读硬规则、卡片、练习和快照源码，核对证据范围后再起草。源码不在沙盒根目录，已定位到 `studies/turing-pact/source/`。接下来会读快照、变体规则和体检材料。对照硬规则后，开场已经把机制讲完了。接下来会核对单元位置、债务清单和相邻课文，确认这版该改什么、不该加什么。草稿骨架已经对齐现象变体。接下来会按 115% 正文上限和 detail 占比把全文量一遍，避免写超或写漏。# 屏幕上的按钮，代码里能找到对应的哪几行？


## 先看满屏界面，再看几乎空的入口文件

先看看图灵密约跑起来是什么样。这是它每天出一道题的那个页面——聊天记录、你选的人、最后的答案，全在同一屏里：

:::figure[真实界面：每天一题的结果页]{#turing-pact-daily-result}

真实截图 · 英文界面 · 每天一题那一页 · 已选中一名候选人，结果面板已展开。
:::

:::figure[标注：三块区域各在哪]{#turing-pact-daily-result-annotated-crop}

同一张截图加上标注：对话区、结果状态和候选人按钮分别落在哪。
:::

:::figure[放大：一个候选人按钮对应的界面元素]{#turing-pact-daily-button-focus}

只放大一个候选人按钮。它在屏幕上是一个能点的界面元素。
:::

你点图标进游戏；做的人打开的，却是一堆能改的文字文件。在那一堆文件的最外层，有一份叫 `index.html` 的网页入口文件。它开头两行是这样：

[[evidence:index.html:1-2]]

再往下，第 18 行写着一个短短的名字：

[[evidence:index.html:18]]

最让人意外的是文件末尾。留给「页面身体」的那块地方几乎是空的——只放了一个空位，和一行「接下来去读哪份文件」的指示：

[[evidence:index.html:29-31]]

屏幕上明明是一整页对话和按钮。到了入口文件末尾，留给页面身体的地方却几乎是空的。

## 先猜一下

只改入口文件第 18 行那个名字，保存后再打开页面，屏幕上的候选人按钮会不会一起变？

先写下你的判断，再往下看答案。

## 答案

不会。候选人按钮不写在这份入口文件里；改第 18 行，变的不是那些按钮。

## 为什么屏幕上的东西能和文件里的代码对应？

网页是用一种带记号的文字写成的。

:::detail[什么叫「记号」？]
这里说的记号，是夹在尖括号里的短词，比如 `<title>`。它不是给你读的内容，是写给浏览器看的说明：这里是标题、这里是一块区域、这里到此为止。浏览器靠这些记号认出一页的骨架，再决定哪几个字大、哪几个字小、哪一块放在哪儿。做的人管它叫「标签」——跟商品上的价签、跟社交软件里的话题标记都没有关系，只是名字撞了。
:::

回头看你刚才见过的三处：第 1 行告诉浏览器「这份文件按网页的规矩读」；第 18 行管的是窗口上那一条窄标签里的字；末尾这几行留好空位，并点名去读 `main.tsx`。真正那些按钮和对话，是被点名之后继续读进来的文件画出来的。

:::detail[这一行的名字会出现在哪？]
出现在浏览器标签页那一小条上——你同时开很多网页的时候，就是靠那几个字分辨「这是哪一页」。改掉这一行、保存、再重新打开页面，那一小条上的字就跟着变了。它不负责画你看到的大标题和大按钮，它只管那条窄窄的标签。
:::

:::detail[`index.html` 在页面加载时负责什么？]
`index.html` 是网页加载时首先会被读取的入口文件。它用标签声明页面的基本结构，并指示浏览器继续加载哪份脚本；它本身是普通文本，不是已经显示出来的完整页面。

**打个比方：** 可以把它看成入口处的指引牌：指引牌告诉你从哪里进、下一步去哪里，但不会把整栋房子的每个房间都画在牌子上。
:::

:::detail[为什么入口文件几乎是空的？]
因为真正的按钮、对话和排版，都不写在这份入口文件里，而写在后面被读进来的那些文件里。入口先占一个空位、点个名说「下一份读哪个」；那份文件跑起来之后，再往空位里把你看见的界面填进去。所以你盯着入口会觉得「这也太空了」——空，是故意的。
:::

:::detail[`main.tsx` 那种文件又是什么？]
它是另一类文字文件，里面写的是「先做什么、再做什么」的步骤。浏览器读完入口文件、看到「去读 main.tsx」这行指示，就会去照着那份文件里的步骤做——你看到的按钮和排版，多半是这样一步一步画出来的，而不是入口文件里事先写满的。下一节课会顺着这条线往回追。
:::

每天一题这一页写在 `src/pages/DailyPuzzlePage.tsx`。先看外壳：顶栏、题目、任务说明。

[[evidence:src/pages/DailyPuzzlePage.tsx:300-379]]

:::detail[这些吓人的代码，怎么才能不吓人？]
代码看起来可能很长、很陌生，但你不用一次把它们全部背下来。AI 可以帮你写代码、改代码；你学习这些基础，是为了能把目标说清楚，听懂 AI 在解释什么，并检查它改的地方是否真的符合你的想法。跟着课程从一个按钮、几行代码开始，你会慢慢建立这种判断力。

**打个比方：** 你不需要先学会制造汽车，才会看懂仪表盘；但你要知道仪表盘上的数字代表什么，才能和修车的人沟通、发现不对劲。
:::

对话区和候选人按钮在这里：代码按名单逐个生成按钮，并把点击登记上去。你点其中一个，同一页会记下你选的人。

[[evidence:src/pages/DailyPuzzlePage.tsx:396-499]]

有了结果之后，同一页会再画出一块对错和分数。它不是另开一张图，而是同一份页面数据接着画：

[[evidence:src/pages/DailyPuzzlePage.tsx:544-581]]

:::detail[这些对话和按钮，真的是一张图片吗？]
不是。这里的对话文字、候选人按钮和结果状态，都是程序根据代码生成并放到页面上的；开发者把这些代码写在文件里。浏览器读取相应文件后，才把它们渲染成你看到的界面。你点击按钮时，程序会读取点击事件，更新选中的人和结果状态，所以内容会在同一页变化，而不是换成一张静态图片。对应的对话、按钮和结果状态，就在你上面看到的那两段里。

**打个比方：** 可以把代码文件先看成一份“界面施工说明”，把屏幕看成电脑按照说明搭出来的结果。这个比方只帮助你理解“文件和界面之间有关系”；真正发生的事情仍然是程序读取代码、渲染界面、响应点击。
:::

所以，你手机上的图标是交到你手上的入口，`index.html` 是网页加载时使用的入口。

## 再想想

那个几乎什么都没写的空位，下一课会沿着 `main.tsx` 往回追：[[lesson:empty-box-called-root|空盒子是怎么被填满的]]。

## 自检

**问：** 你手机上点开的那个图标，是不是就等于 `index.html` 这个文件本身？

## 一句话

**在做的人眼里，App 首先是一堆能打开、能改的文字文件，不是一个打不开的黑盒子。**
